PH alu_package NULL E:/term5/CAD_final_project/ALU.vhd sub00/vhpl00 1657527761
PB alu_utility_functions alu_utility_functions D:/uni/cad/project3/CAD_final_project/ALU_utility_functions.vhd sub00/vhpl09 1657687877
PH alu_procedure NULL D:/uni/cad/project3/CAD_final_project/ALU_Procedure.vhd sub00/vhpl06 1657687878
AR alu behavioral E:/term5/CAD_final_project/ALU.vhd sub00/vhpl03 1657525938
AR super_alu behavioral D:/uni/cad/project3/CAD_final_project/ALU.vhd sub00/vhpl05 1657687881
PB alu_package alu_package E:/term5/CAD_final_project/ALU.vhd sub00/vhpl01 1657527762
PB alu_procedure alu_procedure D:/uni/cad/project3/CAD_final_project/ALU_Procedure.vhd sub00/vhpl07 1657687879
PH alu_utility_functions NULL D:/uni/cad/project3/CAD_final_project/ALU_utility_functions.vhd sub00/vhpl08 1657687876
EN alu NULL E:/term5/CAD_final_project/ALU.vhd sub00/vhpl02 1657525937
EN super_alu NULL D:/uni/cad/project3/CAD_final_project/ALU.vhd sub00/vhpl04 1657687880
